WARNING ⚠️ user config directory '/home/karimmay078/.config/Ultralytics' is not writable, using '/tmp/Ultralytics'. Set YOLO_CONFIG_DIR to override.
Creating new Ultralytics Settings v0.0.7 file ✅ 
View Ultralytics Settings with 'yolo settings' or at '/tmp/Ultralytics/settings.json'
Update Settings with 'yolo settings key=value', i.e. 'yolo settings runs_dir=path/to/dir'. For help see https://docs.ultralytics.com/quickstart/#ultralytics-settings.
GPU : NVIDIA L4 (23.7 Go)

== Avant fine-tuning ==
Ultralytics 8.4.117 🚀 Python-3.10.12 torch-2.6.0+cu124 CUDA:0 (NVIDIA L4, 22563MiB)
Model summary (fused): 93 layers, 25,847,866 parameters, 0 gradients, 78.7 GFLOPs
[KDownloading https://ultralytics.com/assets/Arial.ttf to '/tmp/Ultralytics/Arial.ttf': 100% ━━━━━━━━━━━━ 755.1KB 6.5MB/s 0.1s
[34m[1mval: [0mFast image access ✅ (ping: 0.0±0.0 ms, read: 1570.3±249.3 MB/s, size: 50.0 KB)
[K[34m[1mval: [0mScanning /home/karimmay078/ppe/donnees/ppe_vest_clean_14c/val/labels... 779 images, 0 backgrounds, 0 corrupt: 100% ━━━━━━━━━━━━ 779/779 1.5Kit/s 0.5s
[34m[1mval: [0mNew cache created: /home/karimmay078/ppe/donnees/ppe_vest_clean_14c/val/labels.cache
[K                 Class     Images  Instances      Box(P          R      mAP50  mAP50-95): 100% ━━━━━━━━━━━━ 49/49 4.8it/s 10.1s
                   all        779       1648      0.888      0.833      0.883      0.546
Speed: 0.7ms preprocess, 9.2ms inference, 0.0ms loss, 0.7ms postprocess per image
  [normales] mAP@50 = 0.8833  {'NO-Safety Vest': 0.8417, 'Safety Vest': 0.9249}
Ultralytics 8.4.117 🚀 Python-3.10.12 torch-2.6.0+cu124 CUDA:0 (NVIDIA L4, 22563MiB)
[34m[1mval: [0mFast image access ✅ (ping: 0.0±0.0 ms, read: 2346.5±803.0 MB/s, size: 65.1 KB)
[K[34m[1mval: [0mScanning /home/karimmay078/ppe/donnees/ppe_vest_clean_14c_robuste/val/labels... 779 images, 0 backgrounds, 0 corrupt: 100% ━━━━━━━━━━━━ 779/779 1.5Kit/s 0.5s
[34m[1mval: [0mNew cache created: /home/karimmay078/ppe/donnees/ppe_vest_clean_14c_robuste/val/labels.cache
[K                 Class     Images  Instances      Box(P          R      mAP50  mAP50-95): 100% ━━━━━━━━━━━━ 49/49 5.1it/s 9.5s
                   all        779       1648      0.888      0.833      0.883      0.546
Speed: 0.7ms preprocess, 9.3ms inference, 0.0ms loss, 0.7ms postprocess per image
  [enrichi] mAP@50 = 0.8833  {'NO-Safety Vest': 0.8417, 'Safety Vest': 0.9249}

== Fine-tuning ==
Ultralytics 8.4.117 🚀 Python-3.10.12 torch-2.6.0+cu124 CUDA:0 (NVIDIA L4, 22563MiB)
[34m[1mengine/trainer: [0magnostic_nms=False, amp=True, angle=1.0, augment=False, auto_augment=randaugment, batch=32, bgr=0.0, box=7.5, cache=False, cfg=None, channels_last=False, classes=None, close_mosaic=10, cls=0.5, cls_pw=0.0, cls_remap=True, compile=False, conf=None, copy_paste=0.0, copy_paste_mode=flip, cos_lr=False, cutmix=0.0, data=/home/karimmay078/ppe/donnees/ppe_vest_clean_14c_robuste/data.yaml, degrees=0.0, deterministic=True, device=0, dfl=1.5, dgrad=0.5, dis=6.0, distill_model=None, dlam=1.0, dlog=1.0, dnn=False, dropout=0.0, dynamic=False, embed=None, end2end=None, epochs=60, erasing=0.4, exist_ok=True, fliplr=0.5, flipud=0.0, format=torchscript, fraction=1.0, freeze=None, hsv_h=0.015, hsv_s=0.8, hsv_v=0.9, imgsz=640, iou=0.7, keras=False, kobj=1.0, line_width=None, lr0=0.001, lrf=0.01, mask_ratio=4, max_det=300, mixup=0.0, mode=train, model=modeles/best.pt, momentum=0.937, mosaic=1.0, multi_scale=0.0, name=epi_robuste, nbs=64, nms=False, opset=None, optimize=False, optimizer=auto, overlap_mask=True, patience=20, perspective=0.0, plots=True, pose=12.0, pretrained=True, profile=False, project=/home/karimmay078/ppe/sorties, quantize=None, rect=False, resume=False, retina_masks=False, rle=1.0, save=True, save_conf=False, save_crop=False, save_dir=/home/karimmay078/ppe/sorties/epi_robuste, save_frames=False, save_json=False, save_period=-1, save_txt=False, scale=0.5, seed=0, shear=0.0, show=False, show_boxes=True, show_conf=True, show_labels=True, simplify=True, single_cls=False, source=None, split=val, stream_buffer=False, task=detect, time=None, tracker=tracktrack.yaml, translate=0.1, val=True, verbose=True, vid_stride=1, visualize=False, warmup_bias_lr=0.1, warmup_epochs=3.0, warmup_momentum=0.8, weight_decay=0.0005, workers=4, workspace=None

                   from  n    params  module                                       arguments                     
  0                  -1  1      1392  ultralytics.nn.modules.conv.Conv             [3, 48, 3, 2]                 
  1                  -1  1     41664  ultralytics.nn.modules.conv.Conv             [48, 96, 3, 2]                
  2                  -1  2    111360  ultralytics.nn.modules.block.C2f             [96, 96, 2, True]             
  3                  -1  1    166272  ultralytics.nn.modules.conv.Conv             [96, 192, 3, 2]               
  4                  -1  4    813312  ultralytics.nn.modules.block.C2f             [192, 192, 4, True]           
  5                  -1  1    664320  ultralytics.nn.modules.conv.Conv             [192, 384, 3, 2]              
  6                  -1  4   3248640  ultralytics.nn.modules.block.C2f             [384, 384, 4, True]           
  7                  -1  1   1991808  ultralytics.nn.modules.conv.Conv             [384, 576, 3, 2]              
  8                  -1  2   3985920  ultralytics.nn.modules.block.C2f             [576, 576, 2, True]           
  9                  -1  1    831168  ultralytics.nn.modules.block.SPPF            [576, 576, 5]                 
 10                  -1  1         0  torch.nn.modules.upsampling.Upsample         [None, 2, 'nearest']          
 11             [-1, 6]  1         0  ultralytics.nn.modules.conv.Concat           [1]                           
 12                  -1  2   1993728  ultralytics.nn.modules.block.C2f             [960, 384, 2]                 
 13                  -1  1         0  torch.nn.modules.upsampling.Upsample         [None, 2, 'nearest']          
 14             [-1, 4]  1         0  ultralytics.nn.modules.conv.Concat           [1]                           
 15                  -1  2    517632  ultralytics.nn.modules.block.C2f             [576, 192, 2]                 
 16                  -1  1    332160  ultralytics.nn.modules.conv.Conv             [192, 192, 3, 2]              
 17            [-1, 12]  1         0  ultralytics.nn.modules.conv.Concat           [1]                           
 18                  -1  2   1846272  ultralytics.nn.modules.block.C2f             [576, 384, 2]                 
 19                  -1  1   1327872  ultralytics.nn.modules.conv.Conv             [384, 384, 3, 2]              
 20             [-1, 9]  1         0  ultralytics.nn.modules.conv.Concat           [1]                           
 21                  -1  2   4207104  ultralytics.nn.modules.block.C2f             [960, 576, 2]                 
 22        [15, 18, 21]  1   3783802  ultralytics.nn.modules.head.Detect           [14, 16, None, [192, 384, 576]]
Model summary: 170 layers, 25,864,426 parameters, 25,864,410 gradients, 79.1 GFLOPs

Transferred 475/475 items from pretrained weights
Freezing layer 'model.22.dfl.conv.weight'
[34m[1mAMP: [0mrunning Automatic Mixed Precision (AMP) checks...
[KDownloading https://github.com/ultralytics/assets/releases/download/v8.4.0/yolo26n.pt to 'yolo26n.pt': 100% ━━━━━━━━━━━━ 5.3MB 13.4MB/s 0.4s
[34m[1mAMP: [0mchecks passed ✅
[34m[1mtrain: [0mFast image access ✅ (ping: 0.0±0.0 ms, read: 1790.6±733.5 MB/s, size: 72.0 KB)
[K[34m[1mtrain: [0mScanning /home/karimmay078/ppe/donnees/ppe_vest_clean_14c_robuste/train/labels... 4364 images, 0 backgrounds, 0 corrupt: 100% ━━━━━━━━━━━━ 4364/4364 1.5Kit/s 2.9s
[34m[1mtrain: [0mNew cache created: /home/karimmay078/ppe/donnees/ppe_vest_clean_14c_robuste/train/labels.cache
[34m[1mval: [0mFast image access ✅ (ping: 0.0±0.0 ms, read: 832.2±521.9 MB/s, size: 54.0 KB)
[K[34m[1mval: [0mScanning /home/karimmay078/ppe/donnees/ppe_vest_clean_14c_robuste/val/labels.cache... 779 images, 0 backgrounds, 0 corrupt: 100% ━━━━━━━━━━━━ 779/779 21.6Mit/s 0.0s
[34m[1moptimizer:[0m 'optimizer=auto' found, ignoring 'lr0=0.001' and 'momentum=0.937' and determining best 'optimizer', 'lr0' and 'momentum' automatically... 
[34m[1moptimizer:[0m AdamW(lr=0.000556, momentum=0.9) with parameter groups 77 weight(decay=0.0), 84 weight(decay=0.0005), 83 bias(decay=0.0)
Plotting labels to /home/karimmay078/ppe/sorties/epi_robuste/labels.jpg... 
Image sizes 640 train, 640 val
Using 4 dataloader workers
Logging results to [1m/home/karimmay078/ppe/sorties/epi_robuste[0m
Starting training for 60 epochs...

      Epoch    GPU_mem   box_loss   cls_loss   dfl_loss  Instances       Size
[K       1/60      12.2G     0.7665      0.506      1.101         58        640: 100% ━━━━━━━━━━━━ 137/137 1.6it/s 1:25
[K                 Class     Images  Instances      Box(P          R      mAP50  mAP50-95): 100% ━━━━━━━━━━━━ 13/13 1.8it/s 7.1s
                   all        779       1648      0.859      0.847      0.882      0.546

      Epoch    GPU_mem   box_loss   cls_loss   dfl_loss  Instances       Size
[K       2/60      11.8G     0.7486     0.4705      1.085         39        640: 100% ━━━━━━━━━━━━ 137/137 1.6it/s 1:25
[K                 Class     Images  Instances      Box(P          R      mAP50  mAP50-95): 100% ━━━━━━━━━━━━ 13/13 1.9it/s 7.0s
                   all        779       1648      0.857      0.837      0.873       0.53

      Epoch    GPU_mem   box_loss   cls_loss   dfl_loss  Instances       Size
[K       3/60      11.8G     0.7735     0.5054      1.103         49        640: 100% ━━━━━━━━━━━━ 137/137 1.6it/s 1:24
[K                 Class     Images  Instances      Box(P          R      mAP50  mAP50-95): 100% ━━━━━━━━━━━━ 13/13 1.9it/s 7.0s
                   all        779       1648      0.839       0.83      0.863      0.524

      Epoch    GPU_mem   box_loss   cls_loss   dfl_loss  Instances       Size
[K       4/60      11.9G     0.8033     0.5288      1.118         47        640: 100% ━━━━━━━━━━━━ 137/137 1.6it/s 1:24
[K                 Class     Images  Instances      Box(P          R      mAP50  mAP50-95): 100% ━━━━━━━━━━━━ 13/13 1.9it/s 7.0s
                   all        779       1648      0.817      0.835      0.849      0.527

      Epoch    GPU_mem   box_loss   cls_loss   dfl_loss  Instances       Size
[K       5/60      11.7G     0.7981     0.5224      1.116         52        640: 100% ━━━━━━━━━━━━ 137/137 1.6it/s 1:24
[K                 Class     Images  Instances      Box(P          R      mAP50  mAP50-95): 100% ━━━━━━━━━━━━ 13/13 1.9it/s 7.0s
                   all        779       1648      0.856      0.782       0.85      0.522

      Epoch    GPU_mem   box_loss   cls_loss   dfl_loss  Instances       Size
[K       6/60      11.9G     0.7883     0.5148      1.111         56        640: 100% ━━━━━━━━━━━━ 137/137 1.6it/s 1:24
[K                 Class     Images  Instances      Box(P          R      mAP50  mAP50-95): 100% ━━━━━━━━━━━━ 13/13 1.8it/s 7.1s
                   all        779       1648      0.865      0.797      0.874      0.534

      Epoch    GPU_mem   box_loss   cls_loss   dfl_loss  Instances       Size
[K       7/60      11.7G     0.7753     0.5018       1.11         43        640: 100% ━━━━━━━━━━━━ 137/137 1.6it/s 1:24
[K                 Class     Images  Instances      Box(P          R      mAP50  mAP50-95): 100% ━━━━━━━━━━━━ 13/13 1.8it/s 7.2s
                   all        779       1648      0.829      0.823      0.854      0.529

      Epoch    GPU_mem   box_loss   cls_loss   dfl_loss  Instances       Size
[K       8/60      11.9G     0.7841     0.5023      1.111         34        640: 100% ━━━━━━━━━━━━ 137/137 1.6it/s 1:24
[K                 Class     Images  Instances      Box(P          R      mAP50  mAP50-95): 100% ━━━━━━━━━━━━ 13/13 1.9it/s 7.0s
                   all        779       1648      0.877      0.814      0.866      0.531

      Epoch    GPU_mem   box_loss   cls_loss   dfl_loss  Instances       Size
[K       9/60      11.8G     0.7611     0.4906      1.094         43        640: 100% ━━━━━━━━━━━━ 137/137 1.6it/s 1:24
[K                 Class     Images  Instances      Box(P          R      mAP50  mAP50-95): 100% ━━━━━━━━━━━━ 13/13 1.9it/s 7.0s
                   all        779       1648      0.846        0.8      0.847      0.518

      Epoch    GPU_mem   box_loss   cls_loss   dfl_loss  Instances       Size
[K      10/60      11.9G     0.7468     0.4802      1.088         58        640: 100% ━━━━━━━━━━━━ 137/137 1.6it/s 1:24
[K                 Class     Images  Instances      Box(P          R      mAP50  mAP50-95): 100% ━━━━━━━━━━━━ 13/13 1.9it/s 7.0s
                   all        779       1648      0.859      0.832      0.872      0.525

      Epoch    GPU_mem   box_loss   cls_loss   dfl_loss  Instances       Size
[K      11/60      11.7G     0.7453     0.4753      1.087         50        640: 100% ━━━━━━━━━━━━ 137/137 1.6it/s 1:24
[K                 Class     Images  Instances      Box(P          R      mAP50  mAP50-95): 100% ━━━━━━━━━━━━ 13/13 1.9it/s 7.0s
                   all        779       1648      0.839      0.837      0.869      0.527

      Epoch    GPU_mem   box_loss   cls_loss   dfl_loss  Instances       Size
[K      12/60      11.8G     0.7389       0.47       1.08         29        640: 100% ━━━━━━━━━━━━ 137/137 1.6it/s 1:24
[K                 Class     Images  Instances      Box(P          R      mAP50  mAP50-95): 100% ━━━━━━━━━━━━ 13/13 1.8it/s 7.1s
                   all        779       1648      0.863        0.8      0.862      0.531

      Epoch    GPU_mem   box_loss   cls_loss   dfl_loss  Instances       Size
[K      13/60      11.8G     0.7301     0.4587      1.064         62        640: 100% ━━━━━━━━━━━━ 137/137 1.6it/s 1:24
[K                 Class     Images  Instances      Box(P          R      mAP50  mAP50-95): 100% ━━━━━━━━━━━━ 13/13 1.9it/s 7.0s
                   all        779       1648      0.846      0.831      0.868      0.536

      Epoch    GPU_mem   box_loss   cls_loss   dfl_loss  Instances       Size
[K      14/60      11.9G     0.7134     0.4469      1.054         30        640: 100% ━━━━━━━━━━━━ 137/137 1.6it/s 1:24
[K                 Class     Images  Instances      Box(P          R      mAP50  mAP50-95): 100% ━━━━━━━━━━━━ 13/13 1.7it/s 7.5s
                   all        779       1648      0.859      0.801      0.857      0.527

      Epoch    GPU_mem   box_loss   cls_loss   dfl_loss  Instances       Size
[K      15/60      11.8G     0.7055     0.4376      1.051         54        640: 100% ━━━━━━━━━━━━ 137/137 1.6it/s 1:24
[K                 Class     Images  Instances      Box(P          R      mAP50  mAP50-95): 100% ━━━━━━━━━━━━ 13/13 1.9it/s 7.0s
                   all        779       1648       0.85      0.844      0.873      0.537

      Epoch    GPU_mem   box_loss   cls_loss   dfl_loss  Instances       Size
[K      16/60      11.9G     0.7105     0.4431      1.058         41        640: 100% ━━━━━━━━━━━━ 137/137 1.6it/s 1:24
[K                 Class     Images  Instances      Box(P          R      mAP50  mAP50-95): 100% ━━━━━━━━━━━━ 13/13 1.9it/s 7.0s
                   all        779       1648       0.87      0.829      0.874      0.528

      Epoch    GPU_mem   box_loss   cls_loss   dfl_loss  Instances       Size
[K      17/60      11.7G     0.6885     0.4361      1.052         46        640: 100% ━━━━━━━━━━━━ 137/137 1.6it/s 1:24
[K                 Class     Images  Instances      Box(P          R      mAP50  mAP50-95): 100% ━━━━━━━━━━━━ 13/13 1.9it/s 7.0s
                   all        779       1648      0.853      0.832      0.867      0.531

      Epoch    GPU_mem   box_loss   cls_loss   dfl_loss  Instances       Size
[K      18/60      11.8G     0.6959     0.4406      1.053         63        640: 100% ━━━━━━━━━━━━ 137/137 1.6it/s 1:24
[K                 Class     Images  Instances      Box(P          R      mAP50  mAP50-95): 100% ━━━━━━━━━━━━ 13/13 1.9it/s 7.0s
                   all        779       1648      0.864      0.811       0.86      0.527

      Epoch    GPU_mem   box_loss   cls_loss   dfl_loss  Instances       Size
[K      19/60      11.7G      0.692     0.4338       1.05         38        640: 100% ━━━━━━━━━━━━ 137/137 1.6it/s 1:24
[K                 Class     Images  Instances      Box(P          R      mAP50  mAP50-95): 100% ━━━━━━━━━━━━ 13/13 1.8it/s 7.2s
                   all        779       1648      0.857      0.832       0.87      0.531

      Epoch    GPU_mem   box_loss   cls_loss   dfl_loss  Instances       Size
[K      20/60      11.9G     0.6748     0.4235      1.045         39        640: 100% ━━━━━━━━━━━━ 137/137 1.6it/s 1:24
[K                 Class     Images  Instances      Box(P          R      mAP50  mAP50-95): 100% ━━━━━━━━━━━━ 13/13 1.9it/s 7.0s
                   all        779       1648      0.865      0.838      0.869      0.533

      Epoch    GPU_mem   box_loss   cls_loss   dfl_loss  Instances       Size
[K      21/60      11.7G     0.6635       0.41      1.038         51        640: 100% ━━━━━━━━━━━━ 137/137 1.6it/s 1:24
[K                 Class     Images  Instances      Box(P          R      mAP50  mAP50-95): 100% ━━━━━━━━━━━━ 13/13 1.8it/s 7.4s
                   all        779       1648      0.861      0.853      0.885      0.552

      Epoch    GPU_mem   box_loss   cls_loss   dfl_loss  Instances       Size
[K      22/60      11.9G     0.6525     0.4117      1.033         43        640: 100% ━━━━━━━━━━━━ 137/137 1.6it/s 1:24
[K                 Class     Images  Instances      Box(P          R      mAP50  mAP50-95): 100% ━━━━━━━━━━━━ 13/13 1.9it/s 6.9s
                   all        779       1648      0.859      0.832      0.874      0.537

      Epoch    GPU_mem   box_loss   cls_loss   dfl_loss  Instances       Size
[K      23/60      11.8G     0.6595     0.4086      1.032         55        640: 100% ━━━━━━━━━━━━ 137/137 1.6it/s 1:24
[K                 Class     Images  Instances      Box(P          R      mAP50  mAP50-95): 100% ━━━━━━━━━━━━ 13/13 1.9it/s 6.9s
                   all        779       1648      0.872      0.819      0.867       0.53

      Epoch    GPU_mem   box_loss   cls_loss   dfl_loss  Instances       Size
[K      24/60      11.8G     0.6354     0.3928      1.014         39        640: 100% ━━━━━━━━━━━━ 137/137 1.6it/s 1:24
[K                 Class     Images  Instances      Box(P          R      mAP50  mAP50-95): 100% ━━━━━━━━━━━━ 13/13 1.7it/s 7.5s
                   all        779       1648      0.863      0.833      0.863      0.528

      Epoch    GPU_mem   box_loss   cls_loss   dfl_loss  Instances       Size
[K      25/60      11.7G     0.6333     0.3914      1.012         47        640: 100% ━━━━━━━━━━━━ 137/137 1.6it/s 1:24
[K                 Class     Images  Instances      Box(P          R      mAP50  mAP50-95): 100% ━━━━━━━━━━━━ 13/13 1.7it/s 7.7s
                   all        779       1648      0.859      0.818      0.863      0.538

      Epoch    GPU_mem   box_loss   cls_loss   dfl_loss  Instances       Size
[K      26/60      11.9G     0.6301     0.3878      1.009         43        640: 100% ━━━━━━━━━━━━ 137/137 1.6it/s 1:24
[K                 Class     Images  Instances      Box(P          R      mAP50  mAP50-95): 100% ━━━━━━━━━━━━ 13/13 1.9it/s 6.9s
                   all        779       1648      0.855      0.824      0.862      0.535

      Epoch    GPU_mem   box_loss   cls_loss   dfl_loss  Instances       Size
[K      27/60      11.7G     0.6233     0.3822      1.002         29        640: 100% ━━━━━━━━━━━━ 137/137 1.6it/s 1:24
[K                 Class     Images  Instances      Box(P          R      mAP50  mAP50-95): 100% ━━━━━━━━━━━━ 13/13 1.8it/s 7.1s
                   all        779       1648       0.83      0.846      0.862      0.534

      Epoch    GPU_mem   box_loss   cls_loss   dfl_loss  Instances       Size
[K      28/60      11.8G     0.6204     0.3792       1.01         39        640: 100% ━━━━━━━━━━━━ 137/137 1.6it/s 1:24
[K                 Class     Images  Instances      Box(P          R      mAP50  mAP50-95): 100% ━━━━━━━━━━━━ 13/13 1.8it/s 7.4s
                   all        779       1648      0.874      0.812      0.867      0.533

      Epoch    GPU_mem   box_loss   cls_loss   dfl_loss  Instances       Size
[K      29/60      11.7G     0.6201     0.3777      1.012         52        640: 100% ━━━━━━━━━━━━ 137/137 1.6it/s 1:24
[K                 Class     Images  Instances      Box(P          R      mAP50  mAP50-95): 100% ━━━━━━━━━━━━ 13/13 1.8it/s 7.3s
                   all        779       1648      0.855       0.84      0.868      0.537

      Epoch    GPU_mem   box_loss   cls_loss   dfl_loss  Instances       Size
[K      30/60      11.9G     0.6128     0.3703      1.009         51        640: 100% ━━━━━━━━━━━━ 137/137 1.6it/s 1:24
[K                 Class     Images  Instances      Box(P          R      mAP50  mAP50-95): 100% ━━━━━━━━━━━━ 13/13 1.9it/s 7.0s
                   all        779       1648       0.87      0.826      0.868      0.534

      Epoch    GPU_mem   box_loss   cls_loss   dfl_loss  Instances       Size
[K      31/60      11.8G     0.5994     0.3672      1.005         39        640: 100% ━━━━━━━━━━━━ 137/137 1.6it/s 1:24
[K                 Class     Images  Instances      Box(P          R      mAP50  mAP50-95): 100% ━━━━━━━━━━━━ 13/13 1.8it/s 7.2s
                   all        779       1648      0.865      0.812      0.859      0.534

      Epoch    GPU_mem   box_loss   cls_loss   dfl_loss  Instances       Size
[K      32/60      11.9G     0.5985     0.3681      1.007         57        640: 100% ━━━━━━━━━━━━ 137/137 1.6it/s 1:24
[K                 Class     Images  Instances      Box(P          R      mAP50  mAP50-95): 100% ━━━━━━━━━━━━ 13/13 1.9it/s 7.0s
                   all        779       1648      0.859      0.823      0.873      0.538

      Epoch    GPU_mem   box_loss   cls_loss   dfl_loss  Instances       Size
[K      33/60      11.8G     0.5906     0.3574     0.9977         49        640: 100% ━━━━━━━━━━━━ 137/137 1.6it/s 1:24
[K                 Class     Images  Instances      Box(P          R      mAP50  mAP50-95): 100% ━━━━━━━━━━━━ 13/13 1.8it/s 7.4s
                   all        779       1648       0.85      0.853      0.872      0.539

      Epoch    GPU_mem   box_loss   cls_loss   dfl_loss  Instances       Size
[K      34/60      11.9G     0.5867      0.358     0.9951         50        640: 100% ━━━━━━━━━━━━ 137/137 1.6it/s 1:24
[K                 Class     Images  Instances      Box(P          R      mAP50  mAP50-95): 100% ━━━━━━━━━━━━ 13/13 1.9it/s 7.0s
                   all        779       1648      0.858      0.835      0.864      0.535

      Epoch    GPU_mem   box_loss   cls_loss   dfl_loss  Instances       Size
[K      35/60      11.7G     0.5829     0.3521     0.9908         39        640: 100% ━━━━━━━━━━━━ 137/137 1.6it/s 1:24
[K                 Class     Images  Instances      Box(P          R      mAP50  mAP50-95): 100% ━━━━━━━━━━━━ 13/13 1.9it/s 6.9s
                   all        779       1648      0.832      0.844      0.863      0.534

      Epoch    GPU_mem   box_loss   cls_loss   dfl_loss  Instances       Size
[K      36/60      11.9G     0.5677     0.3461     0.9821         53        640: 100% ━━━━━━━━━━━━ 137/137 1.6it/s 1:24
[K                 Class     Images  Instances      Box(P          R      mAP50  mAP50-95): 100% ━━━━━━━━━━━━ 13/13 1.9it/s 6.9s
                   all        779       1648      0.859      0.836      0.866      0.539

      Epoch    GPU_mem   box_loss   cls_loss   dfl_loss  Instances       Size
[K      37/60      11.7G     0.5798     0.3449     0.9911         76        640: 100% ━━━━━━━━━━━━ 137/137 1.6it/s 1:24
[K                 Class     Images  Instances      Box(P          R      mAP50  mAP50-95): 100% ━━━━━━━━━━━━ 13/13 1.8it/s 7.4s
                   all        779       1648      0.857      0.828       0.87      0.541

      Epoch    GPU_mem   box_loss   cls_loss   dfl_loss  Instances       Size
[K      38/60      11.9G     0.5611     0.3392     0.9772         45        640: 100% ━━━━━━━━━━━━ 137/137 1.6it/s 1:24
[K                 Class     Images  Instances      Box(P          R      mAP50  mAP50-95): 100% ━━━━━━━━━━━━ 13/13 1.9it/s 7.0s
                   all        779       1648      0.868      0.828      0.866      0.542

      Epoch    GPU_mem   box_loss   cls_loss   dfl_loss  Instances       Size
[K      39/60      11.8G     0.5533     0.3369      0.977         45        640: 100% ━━━━━━━━━━━━ 137/137 1.6it/s 1:24
[K                 Class     Images  Instances      Box(P          R      mAP50  mAP50-95): 100% ━━━━━━━━━━━━ 13/13 1.9it/s 7.0s
                   all        779       1648      0.866      0.838      0.881      0.547

      Epoch    GPU_mem   box_loss   cls_loss   dfl_loss  Instances       Size
[K      40/60        12G      0.554      0.331     0.9743         33        640: 100% ━━━━━━━━━━━━ 137/137 1.6it/s 1:24
[K                 Class     Images  Instances      Box(P          R      mAP50  mAP50-95): 100% ━━━━━━━━━━━━ 13/13 1.9it/s 7.0s
                   all        779       1648       0.86      0.846      0.873      0.542

      Epoch    GPU_mem   box_loss   cls_loss   dfl_loss  Instances       Size
[K      41/60      11.8G     0.5475     0.3289     0.9781         43        640: 100% ━━━━━━━━━━━━ 137/137 1.6it/s 1:24
[K                 Class     Images  Instances      Box(P          R      mAP50  mAP50-95): 100% ━━━━━━━━━━━━ 13/13 1.9it/s 7.0s
                   all        779       1648      0.872      0.844       0.87      0.539
[34m[1mEarlyStopping: [0mTraining stopped early as no improvement observed in last 20 epochs. Best results observed at epoch 21, best model saved as best.pt.
To update EarlyStopping(patience=20) pass a new patience value, i.e. `patience=300` or use `patience=0` to disable EarlyStopping.

41 epochs completed in 1.060 hours.
Optimizer stripped from /home/karimmay078/ppe/sorties/epi_robuste/weights/last.pt, 52.0MB
Optimizer stripped from /home/karimmay078/ppe/sorties/epi_robuste/weights/best.pt, 52.0MB

Validating /home/karimmay078/ppe/sorties/epi_robuste/weights/best.pt...
Ultralytics 8.4.117 🚀 Python-3.10.12 torch-2.6.0+cu124 CUDA:0 (NVIDIA L4, 22563MiB)
Model summary (fused): 93 layers, 25,847,866 parameters, 0 gradients, 78.7 GFLOPs
[K                 Class     Images  Instances      Box(P          R      mAP50  mAP50-95): 100% ━━━━━━━━━━━━ 13/13 1.6it/s 8.3s
                   all        779       1648      0.861      0.853      0.885      0.551
        NO-Safety Vest        189        361      0.829      0.833      0.854      0.451
           Safety Vest        609       1287      0.892      0.873      0.917      0.651
Speed: 0.2ms preprocess, 5.7ms inference, 0.0ms loss, 1.7ms postprocess per image
Results saved to [1m/home/karimmay078/ppe/sorties/epi_robuste[0m

== Apres fine-tuning ==
Ultralytics 8.4.117 🚀 Python-3.10.12 torch-2.6.0+cu124 CUDA:0 (NVIDIA L4, 22563MiB)
Model summary (fused): 93 layers, 25,847,866 parameters, 0 gradients, 78.7 GFLOPs
[34m[1mval: [0mFast image access ✅ (ping: 0.0±0.0 ms, read: 1691.8±493.3 MB/s, size: 54.1 KB)
[K[34m[1mval: [0mScanning /home/karimmay078/ppe/donnees/ppe_vest_clean_14c_robuste/val/labels.cache... 779 images, 0 backgrounds, 0 corrupt: 100% ━━━━━━━━━━━━ 779/779 136.1Mit/s 0.0s
[K                 Class     Images  Instances      Box(P          R      mAP50  mAP50-95): 100% ━━━━━━━━━━━━ 49/49 5.0it/s 9.8s
                   all        779       1648      0.861      0.853      0.885      0.552
Speed: 0.7ms preprocess, 9.5ms inference, 0.0ms loss, 0.7ms postprocess per image
  [enrichi] mAP@50 = 0.8854  {'NO-Safety Vest': 0.8535, 'Safety Vest': 0.9173}
Ultralytics 8.4.117 🚀 Python-3.10.12 torch-2.6.0+cu124 CUDA:0 (NVIDIA L4, 22563MiB)
[34m[1mval: [0mFast image access ✅ (ping: 0.0±0.0 ms, read: 1628.0±662.0 MB/s, size: 69.0 KB)
[K[34m[1mval: [0mScanning /home/karimmay078/ppe/donnees/ppe_vest_clean_14c/val/labels.cache... 779 images, 0 backgrounds, 0 corrupt: 100% ━━━━━━━━━━━━ 779/779 148.5Mit/s 0.0s
[K                 Class     Images  Instances      Box(P          R      mAP50  mAP50-95): 100% ━━━━━━━━━━━━ 49/49 5.0it/s 9.8s
                   all        779       1648      0.861      0.853      0.885      0.552
Speed: 0.8ms preprocess, 9.6ms inference, 0.0ms loss, 0.7ms postprocess per image
  [normales] mAP@50 = 0.8854  {'NO-Safety Vest': 0.8535, 'Safety Vest': 0.9173}

Conditions normales : 0.8833 -> 0.8854 (+0.0021)

Poids  : /home/karimmay078/ppe/sorties/epi_robuste/weights/best.pt
Mesures: /home/karimmay078/ppe/sorties/epi_robuste/resultats_p8.json
