=== EPI ===
2728 images d'entrainement -> 1636 copies degradees ajoutees
  500/1636...
  1000/1636...
  1500/1636...

Repartition des degradations ajoutees :
  nuit            806
  contrejour      331
  flou            319
  intemperie      180

Train : 2728 -> 4364 images
-> /home/user/Bureau/model ia ppe/ppe_detection/data/extracted/ppe_vest_clean_14c_robuste
=== CHUTE ===
732 images d'entrainement -> 439 copies degradees ajoutees

Repartition des degradations ajoutees :
  nuit            217
  contrejour       98
  flou             85
  intemperie       39

Train : 732 -> 1171 images
-> /home/user/Bureau/model ia ppe/ppe_detection/data/extracted/fall_detection_enriched_robuste
=== FEU ===
14589 images d'entrainement -> 8753 copies degradees ajoutees
  500/8753...
  1000/8753...
  1500/8753...
  2000/8753...
  2500/8753...
  3000/8753...
  3500/8753...
  4000/8753...
  4500/8753...
  5000/8753...
  5500/8753...
  6000/8753...
  6500/8753...
  7000/8753...
  7500/8753...
  8000/8753...
  8500/8753...

Repartition des degradations ajoutees :
  nuit           4340
  contrejour     1717
  flou           1808
  intemperie      888

Train : 14589 -> 23342 images
-> /home/user/Bureau/model ia ppe/surveillance_suite/data/dataset/fire_smoke_enriched_robuste
=== PLAQUE ===
504 images d'entrainement -> 302 copies degradees ajoutees

Repartition des degradations ajoutees :
  nuit            152
  contrejour       54
  flou             59
  intemperie       37

Train : 504 -> 806 images
-> /home/user/Bureau/model ia ppe/surveillance_suite/data/dataset/license_plate_unified_robuste
=== TERMINE ===
